-- test old extension version entry points
CREATE EXTENSION pg_stat_statements WITH VERSION '1.4';
-- Execution of pg_stat_statements_reset() is granted only to
-- superusers in 1.4, so this fails.
SET SESSION AUTHORIZATION pg_read_all_stats;
SELECT pg_stat_statements_reset();
ERROR:  permission denied for function pg_stat_statements_reset
RESET SESSION AUTHORIZATION;
AlTER EXTENSION pg_stat_statements UPDATE TO '1.5';
-- Execution of pg_stat_statements_reset() should be granted to
-- pg_read_all_stats now, so this works.
SET SESSION AUTHORIZATION pg_read_all_stats;
SELECT pg_stat_statements_reset();
 pg_stat_statements_reset 
--------------------------
 
(1 row)

RESET SESSION AUTHORIZATION;
-- In 1.6, it got restricted back to superusers.
AlTER EXTENSION pg_stat_statements UPDATE TO '1.6';
SET SESSION AUTHORIZATION pg_read_all_stats;
SELECT pg_stat_statements_reset();
ERROR:  permission denied for function pg_stat_statements_reset
RESET SESSION AUTHORIZATION;
SELECT pg_get_functiondef('pg_stat_statements_reset'::regproc);
                              pg_get_functiondef                               
-------------------------------------------------------------------------------
 CREATE OR REPLACE FUNCTION public.pg_stat_statements_reset()                 +
  RETURNS void                                                                +
  LANGUAGE c                                                                  +
  PARALLEL SAFE                                                               +
 AS '$libdir/pg_stat_statements', $function$pg_stat_statements_reset$function$+
 
(1 row)

-- New function for pg_stat_statements_reset introduced, still
-- restricted for non-superusers.
AlTER EXTENSION pg_stat_statements UPDATE TO '1.7';
SET SESSION AUTHORIZATION pg_read_all_stats;
SELECT pg_stat_statements_reset();
ERROR:  permission denied for function pg_stat_statements_reset
RESET SESSION AUTHORIZATION;
SELECT pg_get_functiondef('pg_stat_statements_reset'::regproc);
                                                       pg_get_functiondef                                                       
--------------------------------------------------------------------------------------------------------------------------------
 CREATE OR REPLACE FUNCTION public.pg_stat_statements_reset(userid oid DEFAULT 0, dbid oid DEFAULT 0, queryid bigint DEFAULT 0)+
  RETURNS void                                                                                                                 +
  LANGUAGE c                                                                                                                   +
  PARALLEL SAFE STRICT                                                                                                         +
 AS '$libdir/pg_stat_statements', $function$pg_stat_statements_reset_1_7$function$                                             +
 
(1 row)

\d pg_stat_statements
                    View "public.pg_stat_statements"
       Column        |       Type       | Collation | Nullable | Default 
---------------------+------------------+-----------+----------+---------
 userid              | oid              |           |          | 
 dbid                | oid              |           |          | 
 queryid             | bigint           |           |          | 
 query               | text             |           |          | 
 calls               | bigint           |           |          | 
 total_time          | double precision |           |          | 
 min_time            | double precision |           |          | 
 max_time            | double precision |           |          | 
 mean_time           | double precision |           |          | 
 stddev_time         | double precision |           |          | 
 rows                | bigint           |           |          | 
 shared_blks_hit     | bigint           |           |          | 
 shared_blks_read    | bigint           |           |          | 
 shared_blks_dirtied | bigint           |           |          | 
 shared_blks_written | bigint           |           |          | 
 local_blks_hit      | bigint           |           |          | 
 local_blks_read     | bigint           |           |          | 
 local_blks_dirtied  | bigint           |           |          | 
 local_blks_written  | bigint           |           |          | 
 temp_blks_read      | bigint           |           |          | 
 temp_blks_written   | bigint           |           |          | 
 blk_read_time       | double precision |           |          | 
 blk_write_time      | double precision |           |          | 

SELECT count(*) > 0 AS has_data FROM pg_stat_statements;
 has_data 
----------
 t
(1 row)

-- New functions and views for pg_stat_statements in 1.8
AlTER EXTENSION pg_stat_statements UPDATE TO '1.8';
\d pg_stat_statements
                    View "public.pg_stat_statements"
       Column        |       Type       | Collation | Nullable | Default 
---------------------+------------------+-----------+----------+---------
 userid              | oid              |           |          | 
 dbid                | oid              |           |          | 
 queryid             | bigint           |           |          | 
 query               | text             |           |          | 
 plans               | bigint           |           |          | 
 total_plan_time     | double precision |           |          | 
 min_plan_time       | double precision |           |          | 
 max_plan_time       | double precision |           |          | 
 mean_plan_time      | double precision |           |          | 
 stddev_plan_time    | double precision |           |          | 
 calls               | bigint           |           |          | 
 total_exec_time     | double precision |           |          | 
 min_exec_time       | double precision |           |          | 
 max_exec_time       | double precision |           |          | 
 mean_exec_time      | double precision |           |          | 
 stddev_exec_time    | double precision |           |          | 
 rows                | bigint           |           |          | 
 shared_blks_hit     | bigint           |           |          | 
 shared_blks_read    | bigint           |           |          | 
 shared_blks_dirtied | bigint           |           |          | 
 shared_blks_written | bigint           |           |          | 
 local_blks_hit      | bigint           |           |          | 
 local_blks_read     | bigint           |           |          | 
 local_blks_dirtied  | bigint           |           |          | 
 local_blks_written  | bigint           |           |          | 
 temp_blks_read      | bigint           |           |          | 
 temp_blks_written   | bigint           |           |          | 
 blk_read_time       | double precision |           |          | 
 blk_write_time      | double precision |           |          | 
 wal_records         | bigint           |           |          | 
 wal_fpi             | bigint           |           |          | 
 wal_bytes           | numeric          |           |          | 

SELECT pg_get_functiondef('pg_stat_statements_reset'::regproc);
                                                       pg_get_functiondef                                                       
--------------------------------------------------------------------------------------------------------------------------------
 CREATE OR REPLACE FUNCTION public.pg_stat_statements_reset(userid oid DEFAULT 0, dbid oid DEFAULT 0, queryid bigint DEFAULT 0)+
  RETURNS void                                                                                                                 +
  LANGUAGE c                                                                                                                   +
  PARALLEL SAFE STRICT                                                                                                         +
 AS '$libdir/pg_stat_statements', $function$pg_stat_statements_reset_1_7$function$                                             +
 
(1 row)

-- New function pg_stat_statement_info, and new function
-- and view for pg_stat_statements introduced in 1.9
AlTER EXTENSION pg_stat_statements UPDATE TO '1.9';
SELECT pg_get_functiondef('pg_stat_statements_info'::regproc);
                                                   pg_get_functiondef                                                    
-------------------------------------------------------------------------------------------------------------------------
 CREATE OR REPLACE FUNCTION public.pg_stat_statements_info(OUT dealloc bigint, OUT stats_reset timestamp with time zone)+
  RETURNS record                                                                                                        +
  LANGUAGE c                                                                                                            +
  PARALLEL SAFE STRICT                                                                                                  +
 AS '$libdir/pg_stat_statements', $function$pg_stat_statements_info$function$                                           +
 
(1 row)

\d pg_stat_statements
                    View "public.pg_stat_statements"
       Column        |       Type       | Collation | Nullable | Default 
---------------------+------------------+-----------+----------+---------
 userid              | oid              |           |          | 
 dbid                | oid              |           |          | 
 toplevel            | boolean          |           |          | 
 queryid             | bigint           |           |          | 
 query               | text             |           |          | 
 plans               | bigint           |           |          | 
 total_plan_time     | double precision |           |          | 
 min_plan_time       | double precision |           |          | 
 max_plan_time       | double precision |           |          | 
 mean_plan_time      | double precision |           |          | 
 stddev_plan_time    | double precision |           |          | 
 calls               | bigint           |           |          | 
 total_exec_time     | double precision |           |          | 
 min_exec_time       | double precision |           |          | 
 max_exec_time       | double precision |           |          | 
 mean_exec_time      | double precision |           |          | 
 stddev_exec_time    | double precision |           |          | 
 rows                | bigint           |           |          | 
 shared_blks_hit     | bigint           |           |          | 
 shared_blks_read    | bigint           |           |          | 
 shared_blks_dirtied | bigint           |           |          | 
 shared_blks_written | bigint           |           |          | 
 local_blks_hit      | bigint           |           |          | 
 local_blks_read     | bigint           |           |          | 
 local_blks_dirtied  | bigint           |           |          | 
 local_blks_written  | bigint           |           |          | 
 temp_blks_read      | bigint           |           |          | 
 temp_blks_written   | bigint           |           |          | 
 blk_read_time       | double precision |           |          | 
 blk_write_time      | double precision |           |          | 
 wal_records         | bigint           |           |          | 
 wal_fpi             | bigint           |           |          | 
 wal_bytes           | numeric          |           |          | 

SELECT count(*) > 0 AS has_data FROM pg_stat_statements;
 has_data 
----------
 t
(1 row)

-- New functions and views for pg_stat_statements in 1.10
AlTER EXTENSION pg_stat_statements UPDATE TO '1.10';
\d pg_stat_statements
                      View "public.pg_stat_statements"
         Column         |       Type       | Collation | Nullable | Default 
------------------------+------------------+-----------+----------+---------
 userid                 | oid              |           |          | 
 dbid                   | oid              |           |          | 
 toplevel               | boolean          |           |          | 
 queryid                | bigint           |           |          | 
 query                  | text             |           |          | 
 plans                  | bigint           |           |          | 
 total_plan_time        | double precision |           |          | 
 min_plan_time          | double precision |           |          | 
 max_plan_time          | double precision |           |          | 
 mean_plan_time         | double precision |           |          | 
 stddev_plan_time       | double precision |           |          | 
 calls                  | bigint           |           |          | 
 total_exec_time        | double precision |           |          | 
 min_exec_time          | double precision |           |          | 
 max_exec_time          | double precision |           |          | 
 mean_exec_time         | double precision |           |          | 
 stddev_exec_time       | double precision |           |          | 
 rows                   | bigint           |           |          | 
 shared_blks_hit        | bigint           |           |          | 
 shared_blks_read       | bigint           |           |          | 
 shared_blks_dirtied    | bigint           |           |          | 
 shared_blks_written    | bigint           |           |          | 
 local_blks_hit         | bigint           |           |          | 
 local_blks_read        | bigint           |           |          | 
 local_blks_dirtied     | bigint           |           |          | 
 local_blks_written     | bigint           |           |          | 
 temp_blks_read         | bigint           |           |          | 
 temp_blks_written      | bigint           |           |          | 
 blk_read_time          | double precision |           |          | 
 blk_write_time         | double precision |           |          | 
 temp_blk_read_time     | double precision |           |          | 
 temp_blk_write_time    | double precision |           |          | 
 wal_records            | bigint           |           |          | 
 wal_fpi                | bigint           |           |          | 
 wal_bytes              | numeric          |           |          | 
 jit_functions          | bigint           |           |          | 
 jit_generation_time    | double precision |           |          | 
 jit_inlining_count     | bigint           |           |          | 
 jit_inlining_time      | double precision |           |          | 
 jit_optimization_count | bigint           |           |          | 
 jit_optimization_time  | double precision |           |          | 
 jit_emission_count     | bigint           |           |          | 
 jit_emission_time      | double precision |           |          | 

SELECT count(*) > 0 AS has_data FROM pg_stat_statements;
 has_data 
----------
 t
(1 row)

-- eXperDB 1.10e2: stats_last and stats_since appended to pg_stat_statements
AlTER EXTENSION pg_stat_statements UPDATE TO '1.10e2';
\d pg_stat_statements
                          View "public.pg_stat_statements"
         Column         |           Type           | Collation | Nullable | Default 
------------------------+--------------------------+-----------+----------+---------
 userid                 | oid                      |           |          | 
 dbid                   | oid                      |           |          | 
 toplevel               | boolean                  |           |          | 
 queryid                | bigint                   |           |          | 
 query                  | text                     |           |          | 
 plans                  | bigint                   |           |          | 
 total_plan_time        | double precision         |           |          | 
 min_plan_time          | double precision         |           |          | 
 max_plan_time          | double precision         |           |          | 
 mean_plan_time         | double precision         |           |          | 
 stddev_plan_time       | double precision         |           |          | 
 calls                  | bigint                   |           |          | 
 total_exec_time        | double precision         |           |          | 
 min_exec_time          | double precision         |           |          | 
 max_exec_time          | double precision         |           |          | 
 mean_exec_time         | double precision         |           |          | 
 stddev_exec_time       | double precision         |           |          | 
 rows                   | bigint                   |           |          | 
 shared_blks_hit        | bigint                   |           |          | 
 shared_blks_read       | bigint                   |           |          | 
 shared_blks_dirtied    | bigint                   |           |          | 
 shared_blks_written    | bigint                   |           |          | 
 local_blks_hit         | bigint                   |           |          | 
 local_blks_read        | bigint                   |           |          | 
 local_blks_dirtied     | bigint                   |           |          | 
 local_blks_written     | bigint                   |           |          | 
 temp_blks_read         | bigint                   |           |          | 
 temp_blks_written      | bigint                   |           |          | 
 blk_read_time          | double precision         |           |          | 
 blk_write_time         | double precision         |           |          | 
 temp_blk_read_time     | double precision         |           |          | 
 temp_blk_write_time    | double precision         |           |          | 
 wal_records            | bigint                   |           |          | 
 wal_fpi                | bigint                   |           |          | 
 wal_bytes              | numeric                  |           |          | 
 jit_functions          | bigint                   |           |          | 
 jit_generation_time    | double precision         |           |          | 
 jit_inlining_count     | bigint                   |           |          | 
 jit_inlining_time      | double precision         |           |          | 
 jit_optimization_count | bigint                   |           |          | 
 jit_optimization_time  | double precision         |           |          | 
 jit_emission_count     | bigint                   |           |          | 
 jit_emission_time      | double precision         |           |          | 
 stats_last             | timestamp with time zone |           |          | 
 stats_since            | timestamp with time zone |           |          | 

SELECT count(*) > 0 AS has_data FROM pg_stat_statements;
 has_data 
----------
 t
(1 row)

-- stats_last is set once the counters have been updated and never precedes stats_since
SELECT count(*) > 0 AS has_stats_last FROM pg_stat_statements
  WHERE stats_last IS NOT NULL AND stats_last >= stats_since;
 has_stats_last 
----------------
 t
(1 row)

-- the scripts keep the extension comment in step with the installed version
SELECT obj_description(oid, 'pg_extension') FROM pg_extension WHERE extname = 'pg_stat_statements';
                                                  obj_description                                                   
--------------------------------------------------------------------------------------------------------------------
 track planning and execution statistics of all SQL statements executed (eXperDB 1.10e2: +stats_last, +stats_since)
(1 row)

-- functions using the view's row type (or its array type) survive 1.10e2 -> 1.10e1 -> 1.10e2
-- with definition, owner, privileges and comment; ALTER DEFAULT PRIVILEGES does not leak in
CREATE ROLE regress_pgss_dep;
CREATE ROLE regress_pgss_dflt;
CREATE FUNCTION pgss_dep_test() RETURNS SETOF pg_stat_statements
  AS 'SELECT * FROM pg_stat_statements' LANGUAGE sql;
COMMENT ON FUNCTION pgss_dep_test() IS 'dependent';
REVOKE EXECUTE ON FUNCTION pgss_dep_test() FROM PUBLIC;
GRANT EXECUTE ON FUNCTION pgss_dep_test() TO regress_pgss_dep WITH GRANT OPTION;
CREATE FUNCTION pgss_dep_arr(pg_stat_statements[]) RETURNS int
  AS 'SELECT array_length($1, 1)' LANGUAGE sql;
ALTER DEFAULT PRIVILEGES IN SCHEMA public GRANT EXECUTE ON FUNCTIONS TO regress_pgss_dflt;
AlTER EXTENSION pg_stat_statements UPDATE TO '1.10e1';
SELECT count(*) > 0 AS has_data FROM pgss_dep_test();
 has_data 
----------
 t
(1 row)

SELECT obj_description(oid, 'pg_extension') FROM pg_extension WHERE extname = 'pg_stat_statements';
                            obj_description                             
------------------------------------------------------------------------
 track planning and execution statistics of all SQL statements executed
(1 row)

-- the legacy 1.10e1 definition is served with bind_types always NULL
SELECT count(bind_types) = 0 AS bind_types_null FROM pg_stat_statements;
 bind_types_null 
-----------------
 t
(1 row)

AlTER EXTENSION pg_stat_statements UPDATE TO '1.10e2';
SELECT count(*) > 0 AS has_data FROM pgss_dep_test();
 has_data 
----------
 t
(1 row)

SELECT pgss_dep_arr(ARRAY(SELECT s FROM pg_stat_statements s LIMIT 1)) = 1 AS arr_dep_kept;
 arr_dep_kept 
--------------
 t
(1 row)

SELECT obj_description('pgss_dep_test()'::regprocedure, 'pg_proc') = 'dependent' AS comment_kept;
 comment_kept 
--------------
 t
(1 row)

SELECT NOT EXISTS (SELECT 1 FROM pg_depend
                   WHERE objid = 'pgss_dep_test()'::regprocedure AND deptype = 'e') AS not_ext_member;
 not_ext_member 
----------------
 t
(1 row)

-- privileges reproduced exactly and not recorded as extension initial privileges (pg_dump keeps them)
SELECT has_function_privilege('regress_pgss_dep', 'pgss_dep_test()', 'EXECUTE WITH GRANT OPTION') AS grant_kept,
       NOT has_function_privilege('regress_pgss_dflt', 'pgss_dep_test()', 'EXECUTE') AS no_default_leak,
       NOT EXISTS (SELECT 1 FROM pg_proc p, aclexplode(p.proacl) a
                   WHERE p.oid = 'pgss_dep_test()'::regprocedure AND a.grantee = 0) AS public_revoked,
       NOT EXISTS (SELECT 1 FROM pg_init_privs
                   WHERE objoid IN ('pgss_dep_test()'::regprocedure,
                                    'pgss_dep_arr(pg_stat_statements[])'::regprocedure)) AS no_init_privs;
 grant_kept | no_default_leak | public_revoked | no_init_privs 
------------+-----------------+----------------+---------------
 t          | t               | t              | t
(1 row)

ALTER DEFAULT PRIVILEGES IN SCHEMA public REVOKE EXECUTE ON FUNCTIONS FROM regress_pgss_dflt;
DROP FUNCTION pgss_dep_test();
DROP FUNCTION pgss_dep_arr(pg_stat_statements[]);
DROP OWNED BY regress_pgss_dep, regress_pgss_dflt;
DROP ROLE regress_pgss_dep;
DROP ROLE regress_pgss_dflt;
DROP EXTENSION pg_stat_statements;
-- eXperDB: direct update paths from older versions (pg_upgrade'd clusters) while a function
-- using the row type exists; the upstream chain would stop at its first DROP VIEW
CREATE EXTENSION pg_stat_statements VERSION '1.8';
CREATE FUNCTION pgss_dep_test() RETURNS SETOF pg_stat_statements
  AS 'SELECT * FROM pg_stat_statements' LANGUAGE sql;
AlTER EXTENSION pg_stat_statements UPDATE TO '1.10e2';
SELECT extversion FROM pg_extension WHERE extname = 'pg_stat_statements';
 extversion 
------------
 1.10e2
(1 row)

SELECT count(*) = 45 AS cols_ok FROM pg_attribute
  WHERE attrelid = 'pg_stat_statements'::regclass AND attnum > 0 AND NOT attisdropped;
 cols_ok 
---------
 t
(1 row)

SELECT count(*) > 0 AS has_data FROM pgss_dep_test();
 has_data 
----------
 t
(1 row)

SELECT count(*) = 1 AS info_ok FROM pg_stat_statements_info;
 info_ok 
---------
 t
(1 row)

SELECT pg_get_function_result('pg_stat_statements_reset(oid,oid,bigint)'::regprocedure) AS reset_result;
 reset_result 
--------------
 void
(1 row)

SELECT NOT EXISTS (SELECT 1 FROM pg_depend
                   WHERE objid = 'pgss_dep_test()'::regprocedure AND deptype = 'e') AS not_ext_member;
 not_ext_member 
----------------
 t
(1 row)

DROP FUNCTION pgss_dep_test();
DROP EXTENSION pg_stat_statements;
CREATE EXTENSION pg_stat_statements VERSION '1.9';
CREATE FUNCTION pgss_dep_test() RETURNS SETOF pg_stat_statements
  AS 'SELECT * FROM pg_stat_statements' LANGUAGE sql;
AlTER EXTENSION pg_stat_statements UPDATE TO '1.10e2';
SELECT extversion FROM pg_extension WHERE extname = 'pg_stat_statements';
 extversion 
------------
 1.10e2
(1 row)

SELECT count(*) = 45 AS cols_ok FROM pg_attribute
  WHERE attrelid = 'pg_stat_statements'::regclass AND attnum > 0 AND NOT attisdropped;
 cols_ok 
---------
 t
(1 row)

SELECT count(*) > 0 AS has_data FROM pgss_dep_test();
 has_data 
----------
 t
(1 row)

SELECT count(*) = 1 AS info_ok FROM pg_stat_statements_info;
 info_ok 
---------
 t
(1 row)

SELECT pg_get_function_result('pg_stat_statements_reset(oid,oid,bigint)'::regprocedure) AS reset_result;
 reset_result 
--------------
 void
(1 row)

SELECT NOT EXISTS (SELECT 1 FROM pg_depend
                   WHERE objid = 'pgss_dep_test()'::regprocedure AND deptype = 'e') AS not_ext_member;
 not_ext_member 
----------------
 t
(1 row)

DROP FUNCTION pgss_dep_test();
DROP EXTENSION pg_stat_statements;
